1
50
50
##################################################
######________####################################
######________####################################
######________####################################
######________####################################
######________####################################
######________####################################
######________####################################
######________####################################
######________####################################
######________####################################
######________####################################
######________####################################
######________####################################
######________######____________________##########
######________######____________________##########
######________######____________________##########
######________######____________________##########
######________######____________________##########
######________######____________________##########
######__________________________________##########
######__________________________________##########
________________________________________##########
________________________________________##########
######__________________________________##########
######__________________________________##########
######__________________________________##########
######__________________________________##########
######________######____________________##########
######________######____________________##########
######________######____________________##########
######________######____________________##########
######________######____________________##########
######________######____________________##########
######________####################################
######________####################################
######________####################################
######________####################################
######________####################################
######________####################################
######________####################################
######________####################################
######________####################################
######________####################################
######________####################################
######________####################################
######________####################################
######________####################################
######________####################################
######________####################################