1
60
50
############################################################
######__________________####################################
######__________________####################################
######__________________######____________________##########
######__________________######____________________##########
######__________________######____________________##########
######__________________######____________________##########
######__________________######____________________##########
######__________________######____________________##########
######____________________________________________##########
######____________________________________________##########
__________________________________________________##########
__________________________________________________##########
######____________________________________________##########
######____________________________________________##########
######____________________________________________##########
######____________________________________________##########
######__________________######____________________##########
######__________________######____________________##########
######__________________######____________________##########
######__________________######____________________##########
######__________________######____________________##########
######__________________######____________________##########
######__________________####################################
######__________________####################################
######__________________####################################
######__________________######____________________##########
######__________________######____________________##########
######__________________######____________________##########
######__________________######____________________##########
######__________________######____________________##########
######__________________######____________________##########
######____________________________________________##########
######____________________________________________##########
__________________________________________________##########
__________________________________________________##########
######____________________________________________##########
######____________________________________________##########
######____________________________________________##########
######____________________________________________##########
######__________________######____________________##########
######__________________######____________________##########
######__________________######____________________##########
######__________________######____________________##########
######__________________######____________________##########
######__________________######____________________##########
######__________________####################################
######__________________####################################
######__________________####################################
######__________________####################################
######__________________####################################