1
100
100
____________________________________________________________________________________________________
____________________________________________________________________________________________________
____________________________________________________________________________________________________
____________________________________________________________________________________________________
____________________________________________________________________________________________________
____________________________________________________________________________________________________
____________________________________________________________________________________________________
_______________________#______________________________________________________#_____________________
________________________#____________________________________________________#______________________
_________________________#__________________________________________________#_______________________
__________________________#________________________________________________#________________________
___________________________#______________________________________________#_________________________
____________________________#____________________________________________#__________________________
_____________________________#__________________________________________#___________________________
______________________________#________________________________________#____________________________
_______________________________#______________________________________#_____________________________
________________________________#____________________________________#______________________________
_________________________________#__________________________________#_______________________________
__________________________________#________________________________#________________________________
___________________________________#______________________________#_________________________________
____________________________________#____________________________#__________________________________
_____________________________________#__________________________#___________________________________
_____________________________________#__________________________#___________________________________
_____________________________________#__________________________#___________________________________
_____________________________________#__________________________#___________________________________
_____________________________________#__________________________#___________________________________
_____________________________________#__________________________#___________________________________
_____________________________________#__________________________#___________________________________
_____________________________________#__________________________#___________________________________
_____________________________________#__________________________#___________________________________
_____________________________________#__________________________#___________________________________
_____________________________________#__________________________#___________________________________
_____________________________________#__________________________#___________________________________
_____________________________________#__________________________#___________________________________
_____________________________________#__________________________#___________________________________
_____________________________________#__________________________#___________________________________
_____________________________________#__________________________#___________________________________
_____________________________________#__________________________#___________________________________
_____________________________________#__________________________#___________________________________
_____________________________________#__________________________#___________________________________
_____________________________________#__________________________#___________________________________
_____________________________________#__________________________#___________________________________
_____________________________________#__________________________#___________________________________
_____________________________________#__________________________#___________________________________
_____________________________________#__________________________#___________________________________
_____________________________________#__________________________#___________________________________
_____________________________________#__________________________#___________________________________
_____________________________________#__________________________#___________________________________
_____________________________________#__________________________#___________________________________
_____________________________________#__________________________#___________________________________
_____________________________________#__________________________#___________________________________
_____________________________________#__________________________#___________________________________
_____________________________________#__________________________#___________________________________
_____________________________________#__________________________#___________________________________
_____________________________________#__________________________#___________________________________
_____________________________________#__________________________#___________________________________
_____________________________________#__________________________#___________________________________
_____________________________________#__________________________#___________________________________
_____________________________________#__________________________#___________________________________
_____________________________________#__________________________#___________________________________
_____________________________________#__________________________#___________________________________
_____________________________________#__________________________#___________________________________
_____________________________________#__________________________#___________________________________
_____________________________________#__________________________#___________________________________
_____________________________________#__________________________#___________________________________
_____________________________________#__________________________#___________________________________
_____________________________________#__________________________#___________________________________
_____________________________________#__________________________#___________________________________
_____________________________________#__________________________#___________________________________
_____________________________________#__________________________#___________________________________
_____________________________________#__________________________#___________________________________
_____________________________________#__________________________#___________________________________
_____________________________________#__________________________#___________________________________
_____________________________________#__________________________#___________________________________
_____________________________________#__________________________#___________________________________
_____________________________________#__________________________#___________________________________
_____________________________________#__________________________#___________________________________
_____________________________________#__________________________#___________________________________
_____________________________________#__________________________#___________________________________
_____________________________________#__________________________#___________________________________
_____________________________________#__________________________#___________________________________
____________________________________#____________________________#__________________________________
___________________________________#______________________________#_________________________________
__________________________________#________________________________#________________________________
_________________________________#__________________________________#_______________________________
________________________________#____________________________________#______________________________
_______________________________#______________________________________#_____________________________
______________________________#________________________________________#____________________________
_____________________________#__________________________________________#___________________________
____________________________#____________________________________________#__________________________
___________________________#______________________________________________#_________________________
__________________________#________________________________________________#________________________
_________________________#__________________________________________________#_______________________
________________________#____________________________________________________#______________________
_______________________#______________________________________________________#_____________________
____________________________________________________________________________________________________
____________________________________________________________________________________________________
____________________________________________________________________________________________________
____________________________________________________________________________________________________
____________________________________________________________________________________________________
